
> kratai@1.6.2 compile
> tsc -p ./

